return_flag,status_code,sum_qty,sum_stg_price,sum_disc_price,sum_charge,avg_qty,avg_price,avg_disc,count_order
A,F,37734107,56586554400.73,53758257134.87,55909065222.828,25.522,38273.13,0.05,1478493
N,F,991417,1487504710.38,1413082168.054,1469649223.194,25.516,38284.468,0.05,38854
N,O,74329319,111480754811.77,105908225489.568,110148522248.684,25.502,38248.537,0.05,2914641
R,F,37719753,56568041380.9,53741292684.604,55889619119.832,25.506,38250.855,0.05,1478870